✔ normalizeRect clips to the frame and rejects empty or non-finite input (2.186815ms)
✔ unionRects merges multi-line selections (0.221274ms)
✔ normalizePolygon returns a bbox that contains the polygon (0.400556ms)
✔ frozen selection copies identity, version and media position from the frame (7.554018ms)
✔ anchors are immutable: later scrolling, playback or edits cannot rewrite them (1.367638ms)
✔ a new source version produces a new anchor while the old one stays intact (0.760645ms)
✔ invalid anchors are refused rather than repaired (0.555123ms)
✔ rebinding to a different frame, session or version is detected (0.568799ms)
✔ only the exact fixture (source, version, text) gets a labeled fixture card (0.635436ms)
✔ arbitrary text, other versions and other sources show provider unavailable, never an explanation (0.333288ms)
✔ explanation requests are silent and bound to the selection (0.199873ms)
✔ card view quotes markup-like selections as literal text (0.096294ms)
✔ bridge request carries exactly the contract fields (0.28224ms)
✔ bridge responses are parsed strictly (0.263264ms)
✔ without a native bridge the outcome is a local bridge_unavailable, not acceptance (0.405967ms)
✔ canonical JSON is key-order independent and rejects non-finite numbers (0.223377ms)
✔ sha256Hex matches a known digest (0.168482ms)
✔ snapshot location drops credentials, query and fragment (0.15144ms)
✔ a frozen frame is an honest dom_snapshot whose hash covers its bytes (0.492192ms)
✔ a video without loaded media gives no media position (not 0 s) (0.257933ms)
✔ without media the frame has no media position (0.953033ms)
✔ only the owned fixture page resolves to a source, with its declared version (0.190474ms)
✔ stroke classification: tap, sweep, lasso, ambiguous (0.285707ms)
✔ the embedded fixture frame is its own synthetic source (0.130439ms)
✔ capture time is not shifted by a slow hash (F5) (0.381871ms)
✔ adjust-box snapshot uses one consistent mark-time state (F3) (0.17778ms)
✔ eigenvector fixture covers negative and zero eigenvalues (F6) (0.061588ms)
✔ decision table (0.142663ms)
✔ pointer kinds and input modes (0.074503ms)
✔ a pen observed once keeps fingers navigating in ASK (0.149096ms)
✔ 100 scripted ordinary gestures in NAV/WRITE never request an explanation (0.658921ms)
✔ NAV is the default and never allows explanations (0.049375ms)
✔ finished ASK restores NAV; cancelled ASK restores WRITE (0.083099ms)
✔ pressing ASK while asking cancels instead of nesting (0.034035ms)
✔ explicit NAV/WRITE during ASK ends it as cancelled (0.023565ms)
✔ a finish from an earlier ASK epoch is ignored (0.039766ms)
✔ WRITE persists until the user switches (0.059895ms)
✔ exhaustive sequences keep the restore invariant (2.522367ms)
✔ page-facing source has no injection sinks, credential reads or network calls (3.002519ms)
✔ fixture selection: frozen anchor, labeled fixture card, prior mode restored (0.880565ms)
✔ arbitrary text on the fixture page shows provider unavailable (0.359087ms)
✔ lasso selections keep the polygon inside the bbox (0.425655ms)
✔ unregistered pages end the ASK without a selection or request (0.278293ms)
✔ empty geometry keeps the user in ASK to retry or cancel (0.322638ms)
✔ cancelling while the frame is being hashed drops the capture (0.593296ms)
✔ a capture from an earlier ASK cannot land in a later one (0.099691ms)
✔ listeners see every mode change (0.091205ms)
✔ selection time is taken before hashing; frame time is the snapshot time (F5) (0.300224ms)
ℹ tests 48
ℹ suites 0
ℹ pass 48
ℹ fail 0
ℹ cancelled 0
ℹ skipped 0
ℹ todo 0
ℹ duration_ms 108.22849
