capability matrix p0-11-g7-matrix.json (p0-11) valid: 48 rows, contract 0.1.0, markdown in sync
  G1 documented: 5
  G1 not_tested: 7
  G2 documented: 1
  G2 not_tested: 1
  G2 unsupported: 1
  G3 documented: 17
  G3 not_tested: 5
  G5 documented: 8
  G5 not_tested: 3
self-test reject device_claim: ok
self-test reject compile_claim: ok
self-test reject bare_device_prefix: ok
self-test reject no_source_date: ok
self-test reject undated_access: ok
self-test reject no_fallback: ok
self-test reject bad_contract: ok
self-test reject doc_without_doc: ok
self-test reject inferred_as_documented: ok
self-test reject unknown_research: ok
self-test reject documented_citing_inferred: ok
self-test reject documented_third_party_only: ok
self-test reject failed_without_evidence: ok
self-test reject forum_without_reply_as_dts: ok
self-test reject a44_pass_from_documentation: ok
self-test reject a44_unknown_value: ok
self-test reject a45_row_marked_pass: ok
self-test reject alternative_row_marked_pass: ok
self-test reject missing_v1_1_gate: ok
self-test reject SURF-09_unflagged_pass: ok
self-test reject INT-01A_unflagged_pass: ok
self-test reject SURF-12_unflagged_pass: ok
self-test reject S-01_unflagged_pass: ok
self-test accept device-evidenced failure: ok
