[
  {
    "label": "valid",
    "outcome": "accepted",
    "ink_artifacts": [
      {
        "artifact_id": "example-ink-7e2d667c44839eed",
        "sha256": "7e2d667c44839eed6575561d25b1a9bacb901a94a90340314e730c5168d4ff49",
        "byte_length": 439,
        "media_type": "application/json"
      }
    ],
    "unrepresented": [
      "manifest line 6: the session ended at 2026-09-30T15:55:24.783Z (stopped by the fixture); the end is not a Process record here"
    ]
  },
  {
    "label": "explicit_refusal",
    "outcome": "refused",
    "reason": "record example-harness-ink-record-1: sample 2: no ink original was retained with this composition (synthetic failed original retention); a later document is never bound in its place"
  },
  {
    "label": "contradictory_refusal_and_retained",
    "outcome": "accepted",
    "ink_artifacts": [
      {
        "artifact_id": "example-ink-7e2d667c44839eed",
        "sha256": "7e2d667c44839eed6575561d25b1a9bacb901a94a90340314e730c5168d4ff49",
        "byte_length": 439,
        "media_type": "application/json"
      }
    ],
    "unrepresented": [
      "manifest line 6: the session ended at 2026-09-30T15:55:24.783Z (stopped by the fixture); the end is not a Process record here"
    ]
  },
  {
    "label": "wrong_hash_path",
    "outcome": "refused",
    "reason": "manifest line 2: the ink original record is malformed"
  },
  {
    "label": "null",
    "outcome": "refused",
    "reason": "manifest line 2: the ink original record is malformed"
  }
]
