........................................................................ [ 11%]
........................................................................ [ 23%]
........................................................................ [ 35%]
........................................................................ [ 47%]
........................................................................ [ 59%]
........................................................................ [ 71%]
........................................................................ [ 83%]
.................................xxxxxxxxxxxxx........................x. [ 95%]
.............................                                            [100%]
591 passed, 14 xfailed in 5.21s

> learning-companion@0.0.1 typecheck
> tsc --noEmit -p tsconfig.json

node v24.21.0; Version 7.0.2
typecheck: pass
✔ normalizeRect clips to the frame and rejects empty or non-finite input (2.312245ms)
✔ unionRects merges multi-line selections (0.516418ms)
✔ normalizePolygon returns a bbox that contains the polygon (0.733284ms)
✔ frozen selection copies identity, version and media position from the frame (32.036768ms)
✔ anchors are immutable: later scrolling, playback or edits cannot rewrite them (4.987974ms)
✔ a new source version produces a new anchor while the old one stays intact (3.002245ms)
✔ invalid anchors are refused rather than repaired (2.924146ms)
✔ rebinding to a different frame, session or version is detected (1.24885ms)
✔ only the exact fixture (source, version, text) gets a labeled fixture card (3.288026ms)
✔ arbitrary text, other versions and other sources show provider unavailable, never an explanation (0.532169ms)
✔ explanation requests are silent and bound to the selection (0.746529ms)
✔ card view quotes markup-like selections as literal text (0.330493ms)
✔ bridge request carries exactly the contract fields (2.562026ms)
✔ bridge responses are parsed strictly (0.515477ms)
✔ without a native bridge the outcome is a local bridge_unavailable, not acceptance (0.55914ms)
✔ canonical JSON is key-order independent and rejects non-finite numbers (6.765369ms)
✔ sha256Hex matches a known digest (14.71524ms)
✔ snapshot location drops credentials, query and fragment (1.101899ms)
✔ a frozen frame is an honest dom_snapshot whose hash covers its bytes (3.846159ms)
✔ a video without loaded media gives no media position (not 0 s) (2.217453ms)
✔ without media the frame has no media position (1.219022ms)
✔ only the owned fixture page resolves to a source, with its declared version (0.816853ms)
✔ stroke classification: tap, sweep, lasso, ambiguous (0.785894ms)
✔ the embedded fixture frame is its own synthetic source (0.329992ms)
✔ capture time is not shifted by a slow hash (F5) (2.464532ms)
✔ adjust-box snapshot uses one consistent mark-time state (F3) (0.935346ms)
✔ eigenvector fixture covers negative and zero eigenvalues (F6) (0.21441ms)
✔ decision table (1.204635ms)
✔ pointer kinds and input modes (0.37589ms)
✔ a pen observed once keeps fingers navigating in ASK (0.559781ms)
✔ 100 scripted ordinary gestures in NAV/WRITE never request an explanation (2.776891ms)
✔ NAV is the default and never allows explanations (2.235674ms)
✔ finished ASK restores NAV; cancelled ASK restores WRITE (1.244531ms)
✔ pressing ASK while asking cancels instead of nesting (0.761156ms)
✔ explicit NAV/WRITE during ASK ends it as cancelled (0.695647ms)
✔ a finish from an earlier ASK epoch is ignored (1.016265ms)
✔ WRITE persists until the user switches (0.509986ms)
✔ exhaustive sequences keep the restore invariant (15.77297ms)
✔ P0-12 traces: each named trace matches the planned gate decisions (6.947742ms)
✔ P0-12 invariants hold over 3,000 seeded random sequences (313.986131ms)
✔ temporary language override is scoped to its problem (0.261851ms)
✔ engineering defaults are the documented ones (5 s carry-over, 2 s stale frame) (1.8655ms)
✔ rate change: position interpolates at the rate in force at the utterance (2.077014ms)
✔ seek: unknown while seeking; after seeked, from the new position (2.718793ms)
✔ seek stays unresolved through intervening events until seeked (lead review defect 1) (1.638415ms)
✔ pause: the paused position holds for as long as heartbeats confirm it (0.596231ms)
✔ buffering: an unpaused element below HAVE_FUTURE_DATA does not advance until playing (1.00413ms)
✔ reverse or invalid rates give no known position (0.706234ms)
✔ late-arriving (backfilled) events: order by capture time, not arrival (1.695275ms)
✔ evidence captured after the utterance is never used for it, even 1 ms later (1.733186ms)
✔ evidence captured exactly at the utterance counts as current (inclusive boundary) (0.973634ms)
✔ same-time conflicting evidence: recorded order or explicit unknown, never arrival order (lead review defect 2) (4.278267ms)
✔ coverage gaps: the last state is not current after the source becomes unavailable (AUDIO-14) (0.597313ms)
✔ no far extrapolation: a playing position with no recent event is unknown (0.249237ms)
✔ frames: the frame current at the utterance, never a later one; old frames are marked stale (0.347905ms)
✔ frames: same-time frames need a recorded order; coverage loss makes the last frame stale (0.65849ms)
✔ arrival order never changes a result (seeded shuffles with same-time evidence) (346.545732ms)
✔ edits: only edits observed before the utterance can resolve "this line" (0.31376ms)
✔ entry observer source has no write, input, submit or network operations (4.346708ms)
✔ INTENT-INK-MODES: both display modes keep their origin and never attach to another problem or material version (2.798755ms)
✔ INTENT-INK-MODES contrast 1: continuous playback of the same known problem and source (0.455181ms)
✔ INTENT-INK-MODES contrast 2: an actual question change during the same video (0.884045ms)
✔ share stop: ends new live frames and ink on that path; pre-stop originals are kept and sync only as authorized history (0.811434ms)
✔ INTENT-NOTE-CLASSIFICATION: routing by purpose, correction keeps history, display mode does not decide purpose (0.606831ms)
✔ INTENT-ANSWER-PROMPT: ask once when finished; pauses and correctness are not completion; a refusal is not repeated (2.873277ms)
✔ INTENT-HOMEWORK-CHOICE: only actually available destinations; ambiguity is confirmed; never a submit option (0.28238ms)
✔ INTENT-FAITHFUL-EXPORT: opening a panel is local; shared needs dispatch; imported needs target evidence; organizing never submits (0.923926ms)
✔ INTENT-FAITHFUL-EXPORT: reopening keeps earlier outcomes; the latest attempt is reported separately (0.528645ms)
✔ ADR 0002 §8: export dispatch is bound to the exact confirmed manifest and its previewed, currently permitted AI layers (0.521788ms)
✔ ADR 0002 §7: possible external exposure only from a (possibly) effective dispatch of help; reading stays unknown (0.369267ms)
✔ page-facing source has no injection sinks, credential reads or network calls (8.587155ms)
✔ fixture selection: frozen anchor, labeled fixture card, prior mode restored (18.539781ms)
✔ arbitrary text on the fixture page shows provider unavailable (2.36699ms)
✔ lasso selections keep the polygon inside the bbox (2.178549ms)
✔ unregistered pages end the ASK without a selection or request (0.492082ms)
✔ empty geometry keeps the user in ASK to retry or cancel (0.552687ms)
✔ cancelling while the frame is being hashed drops the capture (1.909388ms)
✔ a capture from an earlier ASK cannot land in a later one (0.427788ms)
✔ listeners see every mode change (0.194122ms)
✔ selection time is taken before hashing; frame time is the snapshot time (F5) (1.985837ms)
ℹ tests 80
ℹ suites 0
ℹ pass 80
ℹ fail 0
ℹ cancelled 0
ℹ skipped 0
ℹ todo 0
ℹ duration_ms 578.570396
build: pass
