commit=3745c41eaa471d9662c04c362b9fd33997d88936
project=apps/ios/ScreenObserver/ScreenObserver.xcodeproj
target=ScreenObserver
configuration=Debug
requested_sdks=iphoneos,iphonesimulator
CODE_SIGNING_ALLOWED=NO
run=https://github.com/Judithandprey/ai-learning-companion/actions/runs/36664026247
attempt=1
runner_image=macos26
runner_image_version=20260907.0351.1
source_tree=e8f98ac0c37623a756b3c0d6264b37dace98dfaf
ProductName:		macOS
ProductVersion:		26.6.2
BuildVersion:		25G83
arm64
/Applications/Xcode_26.6.app/Contents/Developer
Xcode 26.6
Build version 17F113
26.5
26.5
