commit=2a5e6bcc6c6ff73ff0148d8b6e88ffd257eac253
project=apps/ios/ScreenObserver/ScreenObserver.xcodeproj
target=ScreenObserver
configuration=Debug
requested_sdks=iphoneos,iphonesimulator
CODE_SIGNING_ALLOWED=NO
run=https://github.com/Judithandprey/ai-learning-companion/actions/runs/36670348178
attempt=1
runner_image=macos26
runner_image_version=20260907.0351.1
source_tree=2b61dfd2157e2e3393bd7d5a5becc0e83b3b9cd5
ProductName:		macOS
ProductVersion:		26.6.2
BuildVersion:		25G83
arm64
/Applications/Xcode_26.6.app/Contents/Developer
Xcode 26.6
Build version 17F113
26.5
26.5
