✔ normalizeRect clips to the frame and rejects empty or non-finite input (2.520042ms)
✔ unionRects merges multi-line selections (0.426767ms)
✔ normalizePolygon returns a bbox that contains the polygon (0.478566ms)
✔ frozen selection copies identity, version and media position from the frame (7.234663ms)
✔ anchors are immutable: later scrolling, playback or edits cannot rewrite them (1.860872ms)
✔ a new source version produces a new anchor while the old one stays intact (0.930289ms)
✔ invalid anchors are refused rather than repaired (0.872472ms)
✔ rebinding to a different frame, session or version is detected (0.408051ms)
✔ only the exact fixture (source, version, text) gets a labeled fixture card (0.49645ms)
✔ arbitrary text, other versions and other sources show provider unavailable, never an explanation (0.369206ms)
✔ explanation requests are silent and bound to the selection (0.22474ms)
✔ card view quotes markup-like selections as literal text (0.113787ms)
✔ bridge request carries exactly the contract fields (0.196276ms)
✔ bridge responses are parsed strictly (0.178041ms)
✔ without a native bridge the outcome is a local bridge_unavailable, not acceptance (0.286658ms)
✔ canonical JSON is key-order independent and rejects non-finite numbers (0.304423ms)
✔ sha256Hex matches a known digest (0.239718ms)
✔ snapshot location drops credentials, query and fragment (0.433145ms)
✔ a frozen frame is an honest dom_snapshot whose hash covers its bytes (0.677101ms)
✔ a video without loaded media gives no media position (not 0 s) (0.270989ms)
✔ without media the frame has no media position (0.399094ms)
✔ only the owned fixture page resolves to a source, with its declared version (0.237595ms)
✔ stroke classification: tap, sweep, lasso, ambiguous (0.311987ms)
✔ the embedded fixture frame is its own synthetic source (0.138836ms)
✔ capture time is not shifted by a slow hash (F5) (0.434621ms)
✔ adjust-box snapshot uses one consistent mark-time state (F3) (0.202658ms)
✔ eigenvector fixture covers negative and zero eigenvalues (F6) (0.06801ms)
✔ decision table (0.406476ms)
✔ pointer kinds and input modes (0.150708ms)
✔ a pen observed once keeps fingers navigating in ASK (0.281539ms)
✔ 100 scripted ordinary gestures in NAV/WRITE never request an explanation (0.690702ms)
✔ NAV is the default and never allows explanations (0.137513ms)
✔ finished ASK restores NAV; cancelled ASK restores WRITE (0.134217ms)
✔ pressing ASK while asking cancels instead of nesting (0.039786ms)
✔ explicit NAV/WRITE during ASK ends it as cancelled (0.030368ms)
✔ a finish from an earlier ASK epoch is ignored (0.043363ms)
✔ WRITE persists until the user switches (0.028875ms)
✔ exhaustive sequences keep the restore invariant (2.888847ms)
✔ P0-12 traces: each named trace matches the planned gate decisions (2.321773ms)
✔ P0-12 invariants hold over 3,000 seeded random sequences (271.452489ms)
✔ temporary language override is scoped to its problem (0.264506ms)
✔ entry observer source has no write, input, submit or network operations (1.382023ms)
✔ INTENT-INK-MODES: both display modes keep their origin and never attach to another problem or material version (0.413983ms)
✔ INTENT-INK-MODES contrast 1: continuous playback of the same known problem and source (0.174203ms)
✔ INTENT-INK-MODES contrast 2: an actual question change during the same video (0.133516ms)
✔ share stop: ends new live frames and ink on that path; pre-stop originals are kept and sync only as authorized history (0.12549ms)
✔ INTENT-NOTE-CLASSIFICATION: routing by purpose, correction keeps history, display mode does not decide purpose (0.134958ms)
✔ INTENT-ANSWER-PROMPT: ask once when finished; pauses and correctness are not completion; a refusal is not repeated (0.092246ms)
✔ INTENT-HOMEWORK-CHOICE: only actually available destinations; ambiguity is confirmed; never a submit option (0.112826ms)
✔ INTENT-FAITHFUL-EXPORT: opening a panel is local; shared needs dispatch; imported needs target evidence; organizing never submits (0.208018ms)
✔ INTENT-FAITHFUL-EXPORT: reopening keeps earlier outcomes; the latest attempt is reported separately (0.068852ms)
✔ ADR 0002 §8: export dispatch is bound to the exact confirmed manifest and its previewed, currently permitted AI layers (0.138896ms)
✔ ADR 0002 §7: possible external exposure only from a (possibly) effective dispatch of help; reading stays unknown (0.197929ms)
✔ page-facing source has no injection sinks, credential reads or network calls (3.423664ms)
✔ fixture selection: frozen anchor, labeled fixture card, prior mode restored (1.136513ms)
✔ arbitrary text on the fixture page shows provider unavailable (0.362072ms)
✔ lasso selections keep the polygon inside the bbox (0.36603ms)
✔ unregistered pages end the ASK without a selection or request (0.105442ms)
✔ empty geometry keeps the user in ASK to retry or cancel (0.076887ms)
✔ cancelling while the frame is being hashed drops the capture (0.505139ms)
✔ a capture from an earlier ASK cannot land in a later one (0.19852ms)
✔ listeners see every mode change (0.166058ms)
✔ selection time is taken before hashing; frame time is the snapshot time (F5) (0.73713ms)
ℹ tests 63
ℹ suites 0
ℹ pass 63
ℹ fail 0
ℹ cancelled 0
ℹ skipped 0
ℹ todo 0
ℹ duration_ms 380.336421
